============================= test session starts =============================
platform win32 -- Python 3.10.10, pytest-9.1.1, pluggy-1.6.0 -- C:\Users\lif_lc\AppData\Local\Programs\Python\Python310\python.exe
cachedir: .pytest_cache
rootdir: D:\self_coding\knowledgeOS\test-knowledge-system
plugins: anyio-4.14.2, hydra-core-1.3.2, typeguard-4.5.1
collecting ... collected 8 items

tests/test_cache.py::TestDraftCache::test_add_and_get_draft PASSED       [ 12%]
tests/test_cache.py::TestDraftCache::test_get_drafts_by_status PASSED    [ 25%]
tests/test_cache.py::TestDraftCache::test_update_draft_status PASSED     [ 37%]
tests/test_cache.py::TestDraftCache::test_update_drafts_status PASSED    [ 50%]
tests/test_cache.py::TestConflictQueue::test_add_and_get_conflict PASSED [ 62%]
tests/test_cache.py::TestConflictQueue::test_resolve_conflict PASSED     [ 75%]
tests/test_cache.py::TestAuditLog::test_log_and_query PASSED             [ 87%]
tests/test_cache.py::TestAuditLog::test_get_stats PASSED                 [100%]

============================== 8 passed in 0.39s ==============================
